make: Entering directory '/home/ubuntu/criu-zdtm'
Note: Building without amdgpu_plugin.
      Install libdrm-devel (RPM) or libdrm-dev (DEB) to fix.
Warn: Externally managed python environment
Consider using PIP_BREAK_SYSTEM_PACKAGES=1
make[1]: Nothing to be done for 'all'.
make[1]: 'images/built-in.o' is up to date.
make[1]: 'compel/plugins/std.lib.a' is up to date.
make[1]: 'compel/plugins/fds.lib.a' is up to date.
make[1]: 'compel/libcompel.a' is up to date.
make[1]: 'compel/compel-host-bin' is up to date.
make[1]: Nothing to be done for 'all'.
make[1]: 'soccr/libsoccr.a' is up to date.
make[2]: Nothing to be done for 'all'.
make[2]: Nothing to be done for 'all'.
make[2]: Nothing to be done for 'all'.
make[2]: Nothing to be done for 'all'.
make[1]: Nothing to be done for 'all'.
make: Leaving directory '/home/ubuntu/criu-zdtm'
make: Entering directory '/home/ubuntu/criu-zdtm'
Note: Building without amdgpu_plugin.
      Install libdrm-devel (RPM) or libdrm-dev (DEB) to fix.
Warn: Externally managed python environment
Consider using PIP_BREAK_SYSTEM_PACKAGES=1
make[1]: Nothing to be done for 'all'.
make[1]: 'images/built-in.o' is up to date.
make[1]: 'compel/plugins/std.lib.a' is up to date.
make[1]: 'compel/plugins/fds.lib.a' is up to date.
make[1]: 'compel/libcompel.a' is up to date.
make[1]: 'compel/compel-host-bin' is up to date.
make[1]: Nothing to be done for 'all'.
make[1]: 'soccr/libsoccr.a' is up to date.
make[2]: Nothing to be done for 'all'.
make[2]: Nothing to be done for 'all'.
make[2]: Nothing to be done for 'all'.
make[2]: Nothing to be done for 'all'.
make[1]: Nothing to be done for 'all'.
make: Leaving directory '/home/ubuntu/criu-zdtm'
userns is supported
===================== Run zdtm/static/cuda_zerocopy00 in h =====================
Start test
Test is SUID
./cuda_zerocopy00 --pidfile=cuda_zerocopy00.pid --outfile=cuda_zerocopy00.out
Run criu dump
=[log]=> dump/zdtm/static/cuda_zerocopy00/68/1/dump.log
------------------------ grep Error ------------------------
b'(02.003336)'
b'(02.003337) Dumping core for thread (pid: 69)'
b'(02.003338) ----------------------------------------'
b'(02.003339) Dumping general registers for 69 in native mode'
b'(02.003341) Warn  (compel/arch/x86/src/lib/infect.c:419): Will restore 69 with interrupted system call'
b'(02.003752)'
b'(02.003753) Dumping core for thread (pid: 71)'
b'(02.003754) ----------------------------------------'
b'(02.003755) Dumping general registers for 71 in native mode'
b'(02.003756) Warn  (compel/arch/x86/src/lib/infect.c:419): Will restore 71 with interrupted system call'
------------------------ ERROR OVER ------------------------
Run criu restore
Send the 15 signal to  68
Wait for zdtm/static/cuda_zerocopy00(68) to die for 0.100000
Wait for zdtm/static/cuda_zerocopy00(68) to die for 0.200000
Wait for zdtm/static/cuda_zerocopy00(68) to die for 0.400000
==================== Test zdtm/static/cuda_zerocopy00 PASS =====================
=== Run 1/1 ================ zdtm/static/cuda_zerocopy00
